error: proc-macro derive panicked
 --> $DIR/field_type_doesnt_match.rs:3:10
  |
3 | #[derive(Validate)]
  |          ^^^^^^^^
  |
  = help: message: Invalid argument for `must_match` validator of field `password`: types of field can't match
