error: proc-macro derive panicked
 --> $DIR/no_args.rs:3:10
  |
3 | #[derive(Validate)]
  |          ^^^^^^^^
  |
  = help: message: Invalid attribute #[validate] on field `s`: Validator `length` requires at least 1 argument out of `min`, `max` and `equal`
